// Jest Snapshot v1, https://goo.gl/fbAQLP

exports[`LanguageMenu snapshot 1`] = `
.emotion-7 {
  position: relative;
  pointer-events: auto;
}

.emotion-3 {
  display: -webkit-box;
  display: -webkit-flex;
  display: -ms-flexbox;
  display: flex;
  -webkit-flex-direction: row;
  -ms-flex-direction: row;
  flex-direction: row;
  -webkit-align-items: center;
  -webkit-box-align: center;
  -ms-flex-align: center;
  align-items: center;
  white-space: nowrap;
  padding: 0 5px;
  margin: 0;
  border: none;
}

.emotion-3:hover {
  background-color: #eee;
}

.emotion-3:focus {
  outline-offset: -3px;
}

.emotion-0 {
  height: 1.5em;
}

.emotion-1 {
  font-size: '75%';
  padding-left: 2px;
}

.emotion-5 {
  position: absolute;
  z-index: 100;
  display: -webkit-box;
  display: -webkit-flex;
  display: -ms-flexbox;
  display: flex;
  -webkit-flex-direction: column;
  -ms-flex-direction: column;
  flex-direction: column;
  box-sizing: border-box;
  background-color: white;
  border: solid #83d0f2 1.5px;
  box-shadow: 3px 3px 5px rgba(0,0,0,0.25);
  padding: 10px;
  min-width: 100%;
  display: none;
}

.emotion-5 li {
  padding: 5px;
  white-space: nowrap;
}

<div
  className="emotion-7 emotion-8"
>
  <button
    className="emotion-3 emotion-4"
    onClick={[Function]}
  >
    <svg mock
      className="emotion-0"
    />
    <span
      className="emotion-1 emotion-2"
    >
      ▼
    </span>
  </button>
  <ul
    className="dropdown-menu emotion-5 emotion-6"
  >
    <li
      lang="es"
    >
      <a
        href="[fake spanish url]"
        title="Spanish"
      >
        <bdi>
          Español
        </bdi>
      </a>
    </li>
  </ul>
</div>
`;
