// Jest Snapshot v1, https://goo.gl/fbAQLP

exports[`Page snapshot 1`] = `
Array [
  .emotion-0 {
  height: 5px;
  width: 100%;
  background-image: linear-gradient(-271deg,#206584,#83d0f2);
}

<div
    className="emotion-0"
  />,
  .emotion-39 {
  display: grid;
  -webkit-align-items: center;
  -webkit-box-align: center;
  -ms-flex-align: center;
  align-items: center;
  font-size: 15px;
  margin: 0 16px;
}

@media (min-width:1024px) {
  .emotion-39 {
    height: 68px;
    grid-template-columns: 221px 5fr minmax(250px,2fr) auto;
    grid-template-areas: "I M S L";
  }
}

@media (min-width:750px) and (max-width:1023px) {
  .emotion-39 {
    height: 122px;
    grid-template-columns: minmax(206px,1fr) 300px auto;
    grid-template-areas: "I S L" "R R R" "M M M";
  }
}

@media (max-width:749px) {
  .emotion-39 {
    font-size: 10px;
    grid-template-columns: repeat(4,1fr);
    grid-template-areas: "I I L L" "S S S S" "M M M M";
  }
}

.emotion-1 {
  display: block;
  grid-area: I;
  width: 200px;
  height: 44px;
  margin-right: 24px;
}

.emotion-0 {
  width: 200px;
  height: 44px;
}

.emotion-2 {
  display: none;
  grid-area: R;
  height: 2px;
  width: 100%;
  background-color: #dce3e5;
}

@media (min-width:750px) and (max-width:1023px) {
  .emotion-2 {
    display: block;
  }
}

.emotion-31 {
  display: -webkit-box;
  display: -webkit-flex;
  display: -ms-flexbox;
  display: flex;
  -webkit-flex-direction: row;
  -ms-flex-direction: row;
  flex-direction: row;
  -webkit-align-items: center;
  -webkit-box-align: center;
  -ms-flex-align: center;
  align-items: center;
  grid-area: M;
  -webkit-flex-wrap: wrap;
  -ms-flex-wrap: wrap;
  flex-wrap: wrap;
  font-size: 15px;
  font-weight: bold;
}

.emotion-31 button {
  line-height: 32px;
}

.emotion-9 {
  position: relative;
  pointer-events: auto;
  margin-left: -5px;
}

.emotion-5 {
  display: -webkit-box;
  display: -webkit-flex;
  display: -ms-flexbox;
  display: flex;
  -webkit-flex-direction: row;
  -ms-flex-direction: row;
  flex-direction: row;
  -webkit-align-items: center;
  -webkit-box-align: center;
  -ms-flex-align: center;
  align-items: center;
  white-space: nowrap;
  padding: 0 5px;
  border: none;
}

.emotion-5:hover {
  background-color: #eee;
}

.emotion-5:focus {
  outline-offset: -3px;
}

.emotion-3 {
  font-size: 75%;
  padding-left: 2px;
}

.emotion-7 {
  position: absolute;
  z-index: 100;
  display: -webkit-box;
  display: -webkit-flex;
  display: -ms-flexbox;
  display: flex;
  -webkit-flex-direction: column;
  -ms-flex-direction: column;
  flex-direction: column;
  box-sizing: border-box;
  background-color: white;
  border: solid #83d0f2 1.5px;
  box-shadow: 3px 3px 5px rgba(0,0,0,0.25);
  padding: 10px;
  min-width: 100%;
  display: none;
}

.emotion-7 li {
  padding: 5px;
  white-space: nowrap;
}

.emotion-11 {
  -webkit-box-flex: 0;
  -webkit-flex-grow: 0;
  -ms-flex-positive: 0;
  flex-grow: 0;
  -webkit-flex-shrink: 0;
  -ms-flex-negative: 0;
  flex-shrink: 0;
  -webkit-flex-basis: 16px;
  -ms-flex-preferred-size: 16px;
  flex-basis: 16px;
}

.emotion-36 {
  grid-area: S;
  justify-self: stretch;
}

.emotion-35 {
  display: -webkit-box;
  display: -webkit-flex;
  display: -ms-flexbox;
  display: flex;
  -webkit-flex-direction: row;
  -ms-flex-direction: row;
  flex-direction: row;
  -webkit-align-items: center;
  -webkit-box-align: center;
  -ms-flex-align: center;
  align-items: center;
  padding: 2px 8px;
  border: solid 2px #333;
  border-radius: 20px;
  background-color: #fafafa;
  box-sizing: border-box;
  height: 40px;
  min-width: 80px;
  -webkit-flex: 2 1;
  -ms-flex: 2 1;
  flex: 2 1;
}

.emotion-33 {
  fill: #333;
  -webkit-flex: 0 0 20px;
  -ms-flex: 0 0 20px;
  flex: 0 0 20px;
}

.emotion-34 {
  border-width: 0 !important;
  font-size: 14px;
  -webkit-flex: 1 1 100px;
  -ms-flex: 1 1 100px;
  flex: 1 1 100px;
  min-width: 60px;
  color: #000;
  background-color: #fafafa !important;
}

.emotion-38 {
  grid-area: L;
  justify-self: end;
}

.emotion-37 {
  display: -webkit-box;
  display: -webkit-flex;
  display: -ms-flexbox;
  display: flex;
  -webkit-align-items: center;
  -webkit-box-align: center;
  -ms-flex-align: center;
  align-items: center;
  font-size: 1em;
  font-weight: bold;
  color: black;
  margin-left: 24px;
  -webkit-text-decoration: none;
  text-decoration: none;
}

.emotion-37:hover {
  -webkit-text-decoration: none;
  text-decoration: none;
  background-color: #eee;
}

.emotion-37:focus {
  outline-offset: -3px;
}

<div
    className="emotion-39"
  >
    <a
      className="emotion-1"
      href="/en-US/"
    >
      <svg mock
        alt="MDN Web Docs Logo"
        className="emotion-0"
      />
    </a>
    <div
      className="emotion-2"
    />
    <div
      className="emotion-31 emotion-32"
    >
      <div
        className="emotion-9 emotion-10"
      >
        <button
          className="emotion-5 emotion-6"
          onClick={[Function]}
        >
          Technologies
          <span
            className="emotion-3 emotion-4"
          >
            ‚ñº
          </span>
        </button>
        <ul
          className="dropdown-menu emotion-7 emotion-8"
        >
          <li>
            <a
              href="/en-US/docs/Web/HTML"
            >
              HTML
            </a>
          </li>
          <li>
            <a
              href="/en-US/docs/Web/CSS"
            >
              CSS
            </a>
          </li>
          <li>
            <a
              href="/en-US/docs/Web/JavaScript"
            >
              JavaScript
            </a>
          </li>
          <li>
            <a
              href="/en-US/docs/Web/Guide/Graphics"
            >
              Graphics
            </a>
          </li>
          <li>
            <a
              href="/en-US/docs/Web/HTTP"
            >
              HTTP
            </a>
          </li>
          <li>
            <a
              href="/en-US/docs/Web/API"
            >
              APIs / DOM
            </a>
          </li>
          <li>
            <a
              href="/en-US/docs/Mozilla/Add-ons/WebExtensions"
            >
              Browser Extensions
            </a>
          </li>
          <li>
            <a
              href="/en-US/docs/Web/MathML"
            >
              MathML
            </a>
          </li>
        </ul>
      </div>
      <div
        className="emotion-11 emotion-12"
        width={16}
      />
      <div
        className="emotion-9 emotion-10"
      >
        <button
          className="emotion-5 emotion-6"
          onClick={[Function]}
        >
          References & Guides
          <span
            className="emotion-3 emotion-4"
          >
            ‚ñº
          </span>
        </button>
        <ul
          className="dropdown-menu emotion-7 emotion-8"
        >
          <li>
            <a
              href="/en-US/docs/Learn"
            >
              Learn web development
            </a>
          </li>
          <li>
            <a
              href="/en-US/docs/Web/Tutorials"
            >
              Tutorials
            </a>
          </li>
          <li>
            <a
              href="/en-US/docs/Web/Reference"
            >
              References
            </a>
          </li>
          <li>
            <a
              href="/en-US/docs/Web/Guide"
            >
              Developer Guides
            </a>
          </li>
          <li>
            <a
              href="/en-US/docs/Web/Accessibility"
            >
              Accessibility
            </a>
          </li>
          <li>
            <a
              href="/en-US/docs/Games"
            >
              Game development
            </a>
          </li>
          <li>
            <a
              href="/en-US/docs/Web"
            >
              ...more docs
            </a>
          </li>
        </ul>
      </div>
      <div
        className="emotion-11 emotion-12"
        width={16}
      />
      <div
        className="emotion-9 emotion-10"
      >
        <button
          className="emotion-5 emotion-6"
          onClick={[Function]}
        >
          Feedback
          <span
            className="emotion-3 emotion-4"
          >
            ‚ñº
          </span>
        </button>
        <ul
          className="dropdown-menu emotion-7 emotion-8"
        >
          <li>
            <a
              href="https://support.mozilla.org/"
              rel="noopener noreferrer"
              target="_blank"
            >
              Get Firefox help
               üåê
            </a>
          </li>
          <li>
            <a
              href="https://stackoverflow.com/"
              rel="noopener noreferrer"
              target="_blank"
            >
              Get web development help
               üåê
            </a>
          </li>
          <li>
            <a
              href="/en-US/docs/MDN/Community"
            >
              Join the MDN community
            </a>
          </li>
          <li>
            <a
              href="https://github.com/mdn/sprints/issues/new?template=issue-template.md&projects=mdn/sprints/2&labels=user-report&title=test"
              rel="noopener noreferrer"
              target="_blank"
            >
              Report a content problem
               üåê
            </a>
          </li>
          <li>
            <a
              href="https://bugzilla.mozilla.org/form.mdn"
              rel="noopener noreferrer"
              target="_blank"
            >
              Report a bug
               üåê
            </a>
          </li>
        </ul>
      </div>
    </div>
    <div
      className="emotion-36"
    >
      <form
        action="/en-US/search"
        className="emotion-35"
        id="nav-main-search"
        method="get"
        role="search"
      >
        <svg mock
          className="emotion-33"
        />
        <input
          className="emotion-34"
          id="main-q"
          name="q"
          placeholder="Search MDN"
          type="search"
        />
      </form>
    </div>
    <div
      className="emotion-38"
    >
      <a
        className="emotion-37"
        data-service="GitHub"
        href="/users/github/login/?next=[fake absolute url]"
        rel="nofollow"
      >
        Sign in
      </a>
    </div>
  </div>,
  .emotion-16 {
  position: relative;
  pointer-events: auto;
  margin-left: -5px;
}

.emotion-12 {
  display: -webkit-box;
  display: -webkit-flex;
  display: -ms-flexbox;
  display: flex;
  -webkit-flex-direction: row;
  -ms-flex-direction: row;
  flex-direction: row;
  -webkit-align-items: center;
  -webkit-box-align: center;
  -ms-flex-align: center;
  align-items: center;
  white-space: nowrap;
  padding: 0 5px;
  border: none;
}

.emotion-12:hover {
  background-color: #eee;
}

.emotion-12:focus {
  outline-offset: -3px;
}

.emotion-10 {
  font-size: 75%;
  padding-left: 2px;
}

.emotion-25 {
  display: grid;
  box-sizing: border-box;
  grid-template-columns: 1fr 3fr;
  grid-template-areas: "title title" "crumbs crumbs" "side main";
}

@media (max-width:749px) {
  .emotion-25 {
    grid-template-columns: 1fr;
    grid-template-areas: "title" "crumbs" "main" "side";
  }
}

.emotion-1 {
  display: -webkit-box;
  display: -webkit-flex;
  display: -ms-flexbox;
  display: flex;
  -webkit-flex-direction: row;
  -ms-flex-direction: row;
  flex-direction: row;
  -webkit-align-items: center;
  -webkit-box-align: center;
  -ms-flex-align: center;
  align-items: center;
  grid-area: title;
  box-sizing: border-box;
  width: 100%;
  min-height: 106px;
  padding: 12px 24px;
  overflow-x: scroll;
  background-color: #f5f9fa;
  border-bottom: solid 1px #dce3e5;
  border-top: solid 1px #dce3e5;
}

@media (max-width:749px) {
  .emotion-1 {
    min-height: 60px;
    padding: 8px 16px;
  }
}

.emotion-0 {
  font-family: x-locale-heading-primary,zillaslab,"Palatino","Palatino Linotype",x-locale-heading-secondary,serif;
  font-size: 45px;
  font-weight: bold;
}

@media (max-width:749px) {
  .emotion-0 {
    font-size: 28px;
  }
}

.emotion-18 {
  display: -webkit-box;
  display: -webkit-flex;
  display: -ms-flexbox;
  display: flex;
  -webkit-flex-direction: row;
  -ms-flex-direction: row;
  flex-direction: row;
  -webkit-align-items: center;
  -webkit-box-align: center;
  -ms-flex-align: center;
  align-items: center;
  grid-area: crumbs;
  box-sizing: border-box;
  width: 100%;
  min-height: 40px;
  padding: 4px 16px 4px 24px;
  border-bottom: solid 1px #dce3e5;
  background-color: #fff;
}

.emotion-8 {
  display: -webkit-box;
  display: -webkit-flex;
  display: -ms-flexbox;
  display: flex;
  -webkit-flex-direction: row;
  -ms-flex-direction: row;
  flex-direction: row;
  -webkit-flex: 1 1;
  -ms-flex: 1 1;
  flex: 1 1;
}

.emotion-4 {
  display: inline;
  font-size: 14px;
}

.emotion-4a {
  color: #3d7e9a;
}

.emotion-3 {
  font-family: zillaslab,serif;
  font-weight: bold;
  font-size: 18px;
  margin: 0 8px;
}

.emotion-9 {
  height: 20px;
}

.emotion-14 {
  position: absolute;
  z-index: 100;
  display: -webkit-box;
  display: -webkit-flex;
  display: -ms-flexbox;
  display: flex;
  -webkit-flex-direction: column;
  -ms-flex-direction: column;
  flex-direction: column;
  box-sizing: border-box;
  background-color: white;
  border: solid #83d0f2 1.5px;
  box-shadow: 3px 3px 5px rgba(0,0,0,0.25);
  padding: 10px;
  min-width: 100%;
  right: 0;
  display: none;
}

.emotion-14 li {
  padding: 5px;
  white-space: nowrap;
}

.emotion-22 {
  grid-area: main;
  box-sizing: border-box;
  width: 100%;
  overflow-x: scroll;
  padding: 30px 24px 30px 12px;
}

@media (max-width:749px) {
  .emotion-22 {
    padding: 15px 12px;
  }
}

.emotion-22 p {
  max-width: 42rem;
}

.emotion-21 {
  margin-top: 32px;
  font-size: 0.88889rem;
  color: #696969;
}

.emotion-21 div {
  margin: 4px 0;
}

.emotion-19 {
  width: 14px;
  height: 14px;
  margin-right: 5px;
  vertical-align: middle;
  fill: #696969;
}

.emotion-20 {
  width: 16px;
  height: 16px;
  margin-right: 5px;
  vertical-align: middle;
  fill: #696969;
}

.emotion-24 {
  grid-area: side;
  box-sizing: border-box;
  width: 100%;
  overflow-x: scroll;
  padding: 30px 12px 30px 24px;
}

@media (max-width:749px) {
  .emotion-24 {
    padding: 15px 12px;
  }
}

.emotion-23 {
  font-size: 20px;
}

<div
    className="emotion-25"
  >
    <div
      className="emotion-1 emotion-2"
    >
      <h1
        className="emotion-0"
      >
        [fake document title]
      </h1>
    </div>
    <div
      className="emotion-18"
    >
      <nav
        className="emotion-8"
        role="navigation"
      >
        <ol>
          <li
            className="emotion-4"
          >
            <a
              href="[fake grandparent url]"
            >
              <span>
                [fake grandparent title]
              </span>
            </a>
            <span
              className="emotion-3"
            >
              ‚Ä∫
            </span>
          </li>
          <li
            className="emotion-4"
          >
            <a
              href="[fake parent url]"
            >
              <span>
                [fake parent title]
              </span>
            </a>
            <span
              className="emotion-3"
            >
              ‚Ä∫
            </span>
          </li>
          <li
            className="emotion-4"
          >
            <span>
              [fake document title]
            </span>
          </li>
        </ol>
      </nav>
      <div
        className="emotion-16 emotion-17"
      >
        <button
          className="emotion-12 emotion-13"
          onClick={[Function]}
        >
          <svg mock
            className="emotion-9"
          />
          <span
            className="emotion-10 emotion-11"
          >
            ‚ñº
          </span>
        </button>
        <ul
          className="dropdown-menu emotion-14 emotion-15"
        >
          <li
            lang="es"
          >
            <a
              href="[fake spanish url]"
              title="Spanish"
            >
              <bdi>
                Espa√±ol
              </bdi>
            </a>
          </li>
        </ul>
      </div>
    </div>
    <div
      className="text-content emotion-22"
    >
      <article
        dangerouslySetInnerHTML={
          Object {
            "__html": "[fake body HTML]",
          }
        }
        id="wikiArticle"
      />
      <div
        className="emotion-21"
      >
        <div>
          <svg mock
            className="emotion-19"
          />
           
          <strong>
            Contributors to this page:
          </strong>
           
          <span>
            <a
              href="/en-US/profiles/mike"
              rel="nofollow"
            >
              mike
            </a>
          </span>
          <span>
            , 
            <a
              href="/en-US/profiles/ike"
              rel="nofollow"
            >
              ike
            </a>
          </span>
        </div>
        <div>
          <svg mock
            className="emotion-20"
          />
           
          <strong>
            Last updated by:
          </strong>
           
          ike
           
          <time
            dateTime="2019-01-02T03:04:05Z"
          >
            2019-01-02 03:04:05
          </time>
        </div>
      </div>
    </div>
    <div
      className="quick-links emotion-24"
    >
      <div
        className="quick-links-head emotion-23"
      >
        Related Topics
      </div>
      <div
        dangerouslySetInnerHTML={
          Object {
            "__html": "[fake quicklinks HTML]",
          }
        }
      />
    </div>
  </div>,
]
`;
